cargo :     Checking kaptura v0.1.0 (C:\Users\Zesha\Desktop\kaptura)
At line:1 char:155
+ ... streamer\1.0\msvc_x86_64\bin;" + $env:PATH; cargo check 2> errors.txt
+                                                 ~~~~~~~~~~~~~~~~~~~~~~~~~
    + CategoryInfo          : NotSpecified: (    Checking ka...esktop\kaptura):String) [], RemoteException
    + FullyQualifiedErrorId : NativeCommandError
 
error[E0433]: cannot find `SurfaceError` in `wgpu`
   --> src\renderer\app.rs:307:35
    |
307 |                         Err(wgpu::SurfaceError::Outdated | wgpu::SurfaceError::Lost) => {
    |                                   ^^^^^^^^^^^^ could not find `SurfaceError` in `wgpu`

error[E0433]: cannot find `SurfaceError` in `wgpu`
   --> src\renderer\app.rs:307:66
    |
307 |                         Err(wgpu::SurfaceError::Outdated | wgpu::SurfaceError::Lost) => {
    |                                                                  ^^^^^^^^^^^^ could not find `SurfaceError` in `w
gpu`

error[E0422]: cannot find struct, variant or union type `ImageCopyTexture` in crate `wgpu`
   --> src\renderer\app.rs:287:39
    |
287 | ...                   wgpu::ImageCopyTexture {
    |                             ^^^^^^^^^^^^^^^^ not found in `wgpu`

error[E0422]: cannot find struct, variant or union type `ImageDataLayout` in crate `wgpu`
   --> src\renderer\app.rs:294:39
    |
294 | ...                   wgpu::ImageDataLayout {
    |                             ^^^^^^^^^^^^^^^ not found in `wgpu`

warning: unused import: `info`
 --> src\media\pipeline.rs:5:18
  |
5 | use log::{error, info};
  |                  ^^^^
  |
  = note: `#[warn(unused_imports)]` (part of `#[warn(unused)]`) on by default

warning: unused import: `wgpu::util::DeviceExt`
 --> src\renderer\app.rs:2:5
  |
2 | use wgpu::util::DeviceExt;
  |     ^^^^^^^^^^^^^^^^^^^^^

warning: use of deprecated type alias `egui::Rounding`: Renamed to CornerRadius
 --> src\ui\overlay.rs:1:31
  |
1 | use egui::{Color32, RichText, Rounding, Stroke, Vec2};
  |                               ^^^^^^^^
  |
  = note: `#[warn(deprecated)]` on by default

warning: use of deprecated type alias `egui::Rounding`: Renamed to CornerRadius
  --> src\ui\overlay.rs:39:35
   |
39 |         visuals.window_rounding = Rounding::same(12.0);
   |                                   ^^^^^^^^

error[E0277]: the trait bound `wgpu::InstanceDescriptor: std::default::Default` is not satisfied
  --> src\renderer\app.rs:67:19
   |
67 |                 ..Default::default()
   |                   ^^^^^^^^^^^^^^^^^^ the trait `std::default::Default` is not implemented for `wgpu::InstanceDescr
iptor`

error[E0063]: missing fields `experimental_features`, `memory_hints` and `trace` in initializer of `DeviceDescriptor<Op
tion<&str>>`
  --> src\renderer\app.rs:79:18
   |
79 |                 &wgpu::DeviceDescriptor {
   |                  ^^^^^^^^^^^^^^^^^^^^^^ missing `experimental_features`, `memory_hints` and `trace`

error[E0061]: this method takes 1 argument but 2 arguments were supplied
  --> src\renderer\app.rs:78:62
   |
78 |             let (device, queue) = pollster::block_on(adapter.request_device(
   |                                                              ^^^^^^^^^^^^^^
...
84 |                 None,
   |                 ---- unexpected argument #2 of type `Option<_>`
   |
note: method defined here
  --> C:\Users\Zesha\.cargo\registry\src\index.crates.io-1949cf8c6b5b557f\wgpu-29.0.3\src\api\adapter.rs:58:12
   |
58 |     pub fn request_device(
   |            ^^^^^^^^^^^^^^
help: remove the extra argument
   |
83 -                 },
84 -                 None,
83 +                 },
   |

error[E0308]: mismatched types
   --> src\renderer\app.rs:135:39
    |
135 |                 bind_group_layouts: &[&bind_group_layout],
    |                                       ^^^^^^^^^^^^^^^^^^ expected `Option<&BindGroupLayout>`, found `&BindGroupLa
yout`
    |
    = note:   expected enum `Option<&wgpu::BindGroupLayout>`
            found reference `&wgpu::BindGroupLayout`
help: try wrapping the expression in `Some`
    |
135 |                 bind_group_layouts: &[Some(&bind_group_layout)],
    |                                       +++++                  +

error[E0560]: struct `wgpu::PipelineLayoutDescriptor<'_>` has no field named `push_constant_ranges`
   --> src\renderer\app.rs:136:17
    |
136 |                 push_constant_ranges: &[],
    |                 ^^^^^^^^^^^^^^^^^^^^ `wgpu::PipelineLayoutDescriptor<'_>` does not have this field
    |
    = note: available fields are: `immediate_size`

error[E0308]: mismatched types
   --> src\renderer\app.rs:144:34
    |
144 |                     entry_point: "vs_main",
    |                                  ^^^^^^^^^ expected `Option<&str>`, found `&str`
    |
    = note:   expected enum `Option<&str>`
            found reference `&'static str`
help: try wrapping the expression in `Some`
    |
144 |                     entry_point: Some("vs_main"),
    |                                  +++++         +

error[E0063]: missing field `compilation_options` in initializer of `wgpu::VertexState<'_>`
   --> src\renderer\app.rs:142:25
    |
142 |                 vertex: wgpu::VertexState {
    |                         ^^^^^^^^^^^^^^^^^ missing `compilation_options`

error[E0308]: mismatched types
   --> src\renderer\app.rs:149:34
    |
149 |                     entry_point: "fs_main",
    |                                  ^^^^^^^^^ expected `Option<&str>`, found `&str`
    |
    = note:   expected enum `Option<&str>`
            found reference `&'static str`
help: try wrapping the expression in `Some`
    |
149 |                     entry_point: Some("fs_main"),
    |                                  +++++         +

error[E0063]: missing field `compilation_options` in initializer of `wgpu::FragmentState<'_>`
   --> src\renderer\app.rs:147:32
    |
147 |                 fragment: Some(wgpu::FragmentState {
    |                                ^^^^^^^^^^^^^^^^^^^ missing `compilation_options`

error[E0560]: struct `wgpu::RenderPipelineDescriptor<'_>` has no field named `multiview`
   --> src\renderer\app.rs:171:17
    |
171 |                 multiview: None,
    |                 ^^^^^^^^^ `wgpu::RenderPipelineDescriptor<'_>` does not have this field
    |
    = note: available fields are: `multiview_mask`, `cache`

error[E0061]: this function takes 6 arguments but 5 arguments were supplied
   --> src\renderer\app.rs:186:30
    |
186 |               let egui_state = egui_winit::State::new(
    |  ______________________________^^^^^^^^^^^^^^^^^^^^^^-
187 | |                 egui_ctx.clone(),
188 | |                 viewport_id,
189 | |                 &window,
190 | |                 Some(window.scale_factor() as f32),
191 | |                 None,
192 | |             );
    | |_____________- argument #6 of type `Option<usize>` is missing
    |
note: associated function defined here
   --> C:\Users\Zesha\.cargo\registry\src\index.crates.io-1949cf8c6b5b557f\egui-winit-0.34.1\src\lib.rs:122:12
    |
122 |     pub fn new(
    |            ^^^
help: provide the argument
    |
186 |             let egui_state = egui_winit::State::new(
...
191 |                 None,
192 ~                 /* Option<usize> */,
193 ~             );
    |

error[E0061]: this function takes 3 arguments but 4 arguments were supplied
   --> src\renderer\app.rs:194:33
    |
194 |             let egui_renderer = egui_wgpu::Renderer::new(&device, config.format, None, 1);
    |                                 ^^^^^^^^^^^^^^^^^^^^^^^^                               - unexpected argument #4 o
f type `{integer}`
    |
note: expected `RendererOptions`, found `Option<_>`
   --> src\renderer\app.rs:194:82
    |
194 |             let egui_renderer = egui_wgpu::Renderer::new(&device, config.format, None, 1);
    |                                                                                  ^^^^
    = note: expected struct `RendererOptions`
                 found enum `Option<_>`
note: associated function defined here
   --> C:\Users\Zesha\.cargo\registry\src\index.crates.io-1949cf8c6b5b557f\egui-wgpu-0.34.1\src\renderer.rs:267:12
    |
267 |     pub fn new(
    |            ^^^
help: remove the extra argument
    |
194 -             let egui_renderer = egui_wgpu::Renderer::new(&device, config.format, None, 1);
194 +             let egui_renderer = egui_wgpu::Renderer::new(&device, config.format, /* RendererOptions */);
    |

error[E0308]: mismatched types
   --> src\renderer\app.rs:306:25
    |
305 |                     let output = match state.surface.get_current_texture() {
    |                                        ----------------------------------- this expression has type `CurrentSurfa
ceTexture`
306 |                         Ok(texture) => texture,
    |                         ^^^^^^^^^^^ expected `CurrentSurfaceTexture`, found `Result<_, _>`
    |
    = note: expected enum `CurrentSurfaceTexture`
               found enum `std::result::Result<_, _>`

error[E0308]: mismatched types
   --> src\renderer\app.rs:307:25
    |
305 |                     let output = match state.surface.get_current_texture() {
    |                                        ----------------------------------- this expression has type `CurrentSurfa
ceTexture`
306 |                         Ok(texture) => texture,
307 |                         Err(wgpu::SurfaceError::Outdated | wgpu::SurfaceError::Lost) => {
    |                         ^^^^^^^^^^^^^^^^^^^^^^^^^^^^^^^^^^^^^^^^^^^^^^^^^^^^^^^^^^^^ expected `CurrentSurfaceText
ure`, found `Result<_, _>`
    |
    = note: expected enum `CurrentSurfaceTexture`
               found enum `std::result::Result<_, _>`

error[E0308]: mismatched types
   --> src\renderer\app.rs:311:25
    |
305 |                     let output = match state.surface.get_current_texture() {
    |                                        ----------------------------------- this expression has type `CurrentSurfa
ceTexture`
...
311 |                         Err(e) => {
    |                         ^^^^^^ expected `CurrentSurfaceTexture`, found `Result<_, _>`
    |
    = note: expected enum `CurrentSurfaceTexture`
               found enum `std::result::Result<_, _>`

error[E0063]: missing field `depth_slice` in initializer of `wgpu::RenderPassColorAttachment<'_>`
   --> src\renderer\app.rs:326:55
    |
326 | ...                   color_attachments: &[Some(wgpu::RenderPassColorAttachment {
    |                                                 ^^^^^^^^^^^^^^^^^^^^^^^^^^^^^^^ missing `depth_slice`

error[E0063]: missing field `multiview_mask` in initializer of `wgpu::RenderPassDescriptor<'_>`
   --> src\renderer\app.rs:324:74
    |
324 |                         let mut render_pass = encoder.begin_render_pass(&wgpu::RenderPassDescriptor {
    |                                                                          ^^^^^^^^^^^^^^^^^^^^^^^^^^ missing `mult
iview_mask`

error[E0063]: missing field `depth_slice` in initializer of `wgpu::RenderPassColorAttachment<'_>`
   --> src\renderer\app.rs:364:55
    |
364 | ...                   color_attachments: &[Some(wgpu::RenderPassColorAttachment {
    |                                                 ^^^^^^^^^^^^^^^^^^^^^^^^^^^^^^^ missing `depth_slice`

error[E0063]: missing field `multiview_mask` in initializer of `wgpu::RenderPassDescriptor<'_>`
   --> src\renderer\app.rs:362:53
    |
362 |                          encoder.begin_render_pass(&wgpu::RenderPassDescriptor {
    |                                                     ^^^^^^^^^^^^^^^^^^^^^^^^^^ missing `multiview_mask`

warning: use of deprecated method `egui::Context::run`: Call run_ui instead
   --> src\renderer\app.rs:380:54
    |
380 |                     let full_output = state.egui_ctx.run(raw_input, |ctx| {
    |                                                      ^^^

error[E0063]: missing field `depth_slice` in initializer of `wgpu::RenderPassColorAttachment<'_>`
   --> src\renderer\app.rs:401:55
    |
401 | ...                   color_attachments: &[Some(wgpu::RenderPassColorAttachment {
    |                                                 ^^^^^^^^^^^^^^^^^^^^^^^^^^^^^^^ missing `depth_slice`

error[E0063]: missing field `multiview_mask` in initializer of `wgpu::RenderPassDescriptor<'_>`
   --> src\renderer\app.rs:399:74
    |
399 |                         let mut render_pass = encoder.begin_render_pass(&wgpu::RenderPassDescriptor {
    |                                                                          ^^^^^^^^^^^^^^^^^^^^^^^^^^ missing `mult
iview_mask`

error[E0609]: no field `window_rounding` on type `Visuals`
  --> src\ui\overlay.rs:39:17
   |
39 |         visuals.window_rounding = Rounding::same(12.0);
   |                 ^^^^^^^^^^^^^^^ unknown field
   |
   = note: available fields are: `dark_mode`, `text_options`, `override_text_color`, `weak_text_alpha`, `weak_text_colo
r` ... and 30 others

error[E0308]: mismatched types
  --> src\ui\overlay.rs:39:50
   |
39 |         visuals.window_rounding = Rounding::same(12.0);
   |                                   -------------- ^^^^ expected `u8`, found floating-point number
   |                                   |
   |                                   arguments to this function are incorrect
   |
note: associated function defined here
  --> C:\Users\Zesha\.cargo\registry\src\index.crates.io-1949cf8c6b5b557f\epaint-0.34.1\src\corner_radius.rs:59:18
   |
59 |     pub const fn same(radius: u8) -> Self {
   |                  ^^^^

error[E0308]: mismatched types
   --> src\renderer\app.rs:180:32
    |
180 |                 mipmap_filter: wgpu::FilterMode::Nearest,
    |                                ^^^^^^^^^^^^^^^^^^^^^^^^^ expected `MipmapFilterMode`, found `FilterMode`

Some errors have detailed explanations: E0061, E0063, E0277, E0308, E0422, E0433, E0560, E0609.
For more information about an error, try `rustc --explain E0061`.
warning: `kaptura` (bin "kaptura") generated 5 warnings
error: could not compile `kaptura` (bin "kaptura") due to 28 previous errors; 5 warnings emitted
